Performing C SOURCE FILE Test CMAKE_HAVE_LIBC_PTHREAD failed with the following output:
Change Dir: /home/jetsonnx/SDR_ABS_nano/build/CMakeFiles/CMakeTmp

Run Build Command(s):/usr/bin/make cmTC_7a89d/fast && /usr/bin/make -f CMakeFiles/cmTC_7a89d.dir/build.make CMakeFiles/cmTC_7a89d.dir/build
make[1]: Entering directory '/home/jetsonnx/SDR_ABS_nano/build/CMakeFiles/CMakeTmp'
Building C object CMakeFiles/cmTC_7a89d.dir/src.c.o
/usr/bin/cc   -DCMAKE_HAVE_LIBC_PTHREAD   -o CMakeFiles/cmTC_7a89d.dir/src.c.o   -c /home/jetsonnx/SDR_ABS_nano/build/CMakeFiles/CMakeTmp/src.c
Linking C executable cmTC_7a89d
/usr/bin/cmake -E cmake_link_script CMakeFiles/cmTC_7a89d.dir/link.txt --verbose=1
/usr/bin/cc  -DCMAKE_HAVE_LIBC_PTHREAD    CMakeFiles/cmTC_7a89d.dir/src.c.o  -o cmTC_7a89d 
/usr/bin/ld: CMakeFiles/cmTC_7a89d.dir/src.c.o: in function `main':
src.c:(.text+0x48): undefined reference to `pthread_create'
/usr/bin/ld: src.c:(.text+0x50): undefined reference to `pthread_detach'
/usr/bin/ld: src.c:(.text+0x5c): undefined reference to `pthread_join'
collect2: error: ld returned 1 exit status
make[1]: *** [CMakeFiles/cmTC_7a89d.dir/build.make:87: cmTC_7a89d] Error 1
make[1]: Leaving directory '/home/jetsonnx/SDR_ABS_nano/build/CMakeFiles/CMakeTmp'
make: *** [Makefile:121: cmTC_7a89d/fast] Error 2


Source file was:
#include <pthread.h>

void* test_func(void* data)
{
  return data;
}

int main(void)
{
  pthread_t thread;
  pthread_create(&thread, NULL, test_func, NULL);
  pthread_detach(thread);
  pthread_join(thread, NULL);
  pthread_atfork(NULL, NULL, NULL);
  pthread_exit(NULL);

  return 0;
}

Determining if the function pthread_create exists in the pthreads failed with the following output:
Change Dir: /home/jetsonnx/SDR_ABS_nano/build/CMakeFiles/CMakeTmp

Run Build Command(s):/usr/bin/make cmTC_60b60/fast && /usr/bin/make -f CMakeFiles/cmTC_60b60.dir/build.make CMakeFiles/cmTC_60b60.dir/build
make[1]: Entering directory '/home/jetsonnx/SDR_ABS_nano/build/CMakeFiles/CMakeTmp'
Building C object CMakeFiles/cmTC_60b60.dir/CheckFunctionExists.c.o
/usr/bin/cc   -DCHECK_FUNCTION_EXISTS=pthread_create   -o CMakeFiles/cmTC_60b60.dir/CheckFunctionExists.c.o   -c /usr/share/cmake-3.16/Modules/CheckFunctionExists.c
Linking C executable cmTC_60b60
/usr/bin/cmake -E cmake_link_script CMakeFiles/cmTC_60b60.dir/link.txt --verbose=1
/usr/bin/cc  -DCHECK_FUNCTION_EXISTS=pthread_create    CMakeFiles/cmTC_60b60.dir/CheckFunctionExists.c.o  -o cmTC_60b60  -lpthreads 
/usr/bin/ld: cannot find -lpthreads
collect2: error: ld returned 1 exit status
make[1]: *** [CMakeFiles/cmTC_60b60.dir/build.make:87: cmTC_60b60] Error 1
make[1]: Leaving directory '/home/jetsonnx/SDR_ABS_nano/build/CMakeFiles/CMakeTmp'
make: *** [Makefile:121: cmTC_60b60/fast] Error 2



Performing C++ SOURCE FILE Test UHD_ENABLE_X300_FW_RESET failed with the following output:
Change Dir: /home/jetsonnx/SDR_ABS_nano/build/CMakeFiles/CMakeTmp

Run Build Command(s):/usr/bin/make cmTC_4f35b/fast && /usr/bin/make -f CMakeFiles/cmTC_4f35b.dir/build.make CMakeFiles/cmTC_4f35b.dir/build
make[1]: Entering directory '/home/jetsonnx/SDR_ABS_nano/build/CMakeFiles/CMakeTmp'
Building CXX object CMakeFiles/cmTC_4f35b.dir/src.cxx.o
/usr/bin/c++    -DUHD_ENABLE_X300_FW_RESET  -L/usr/lib/aarch64-linux-gnu   -o CMakeFiles/cmTC_4f35b.dir/src.cxx.o -c /home/jetsonnx/SDR_ABS_nano/build/CMakeFiles/CMakeTmp/src.cxx
Linking CXX executable cmTC_4f35b
/usr/bin/cmake -E cmake_link_script CMakeFiles/cmTC_4f35b.dir/link.txt --verbose=1
/usr/bin/c++   -DUHD_ENABLE_X300_FW_RESET  -L/usr/lib/aarch64-linux-gnu    CMakeFiles/cmTC_4f35b.dir/src.cxx.o  -o cmTC_4f35b  -luhd -lboost_program_options -lboost_system 
/usr/bin/ld: CMakeFiles/cmTC_4f35b.dir/src.cxx.o: in function `try_usrp_x300_reset()':
src.cxx:(.text+0xd8): undefined reference to `x300_make_ctrl_iface_enet(boost::shared_ptr<uhd::transport::udp_simple>, bool)'
collect2: error: ld returned 1 exit status
make[1]: *** [CMakeFiles/cmTC_4f35b.dir/build.make:87: cmTC_4f35b] Error 1
make[1]: Leaving directory '/home/jetsonnx/SDR_ABS_nano/build/CMakeFiles/CMakeTmp'
make: *** [Makefile:121: cmTC_4f35b/fast] Error 2


Source file was:
#include <uhd.h>
    #include <uhd/usrp/multi_usrp.hpp>
    #include <uhd/transport/udp_simple.hpp>

    uhd::wb_iface::sptr x300_make_ctrl_iface_enet(uhd::transport::udp_simple::sptr udp, bool enable_errors);

    uhd_error try_usrp_x300_reset()
    {
      uhd::transport::udp_simple::sptr udp_simple = uhd::transport::udp_simple::make_connected("", "49152");
      uhd::wb_iface::sptr x300_ctrl = x300_make_ctrl_iface_enet(udp_simple, true);
      x300_ctrl->poke32(0x100058, 1);
      return UHD_ERROR_NONE;
    }

    int main(int argc, char** argv)
    {
      try_usrp_x300_reset();
      return 0;
    }
Performing C++ SOURCE FILE Test UHD_ENABLE_CUSTOM_RFNOC failed with the following output:
Change Dir: /home/jetsonnx/SDR_ABS_nano/build/CMakeFiles/CMakeTmp

Run Build Command(s):/usr/bin/make cmTC_f2f1d/fast && /usr/bin/make -f CMakeFiles/cmTC_f2f1d.dir/build.make CMakeFiles/cmTC_f2f1d.dir/build
make[1]: Entering directory '/home/jetsonnx/SDR_ABS_nano/build/CMakeFiles/CMakeTmp'
Building CXX object CMakeFiles/cmTC_f2f1d.dir/src.cxx.o
/usr/bin/c++    -DUHD_ENABLE_CUSTOM_RFNOC  -L/usr/lib/aarch64-linux-gnu   -o CMakeFiles/cmTC_f2f1d.dir/src.cxx.o -c /home/jetsonnx/SDR_ABS_nano/build/CMakeFiles/CMakeTmp/src.cxx
/home/jetsonnx/SDR_ABS_nano/build/CMakeFiles/CMakeTmp/src.cxx:3:14: fatal error: uhd/rfnoc/ddc_ch2_block_ctrl.hpp: No such file or directory
    3 |     #include <uhd/rfnoc/ddc_ch2_block_ctrl.hpp>
      |              ^~~~~~~~~~~~~~~~~~~~~~~~~~~~~~~~~~
compilation terminated.
make[1]: *** [CMakeFiles/cmTC_f2f1d.dir/build.make:66: CMakeFiles/cmTC_f2f1d.dir/src.cxx.o] Error 1
make[1]: Leaving directory '/home/jetsonnx/SDR_ABS_nano/build/CMakeFiles/CMakeTmp'
make: *** [Makefile:121: cmTC_f2f1d/fast] Error 2


Source file was:
#include <uhd.h>
    #include <uhd/device3.hpp>
    #include <uhd/rfnoc/ddc_ch2_block_ctrl.hpp>

    static uhd::device3::sptr device3;
    static uhd::rfnoc::ddc_ch2_block_ctrl::sptr ddc_ctrl;

    uhd_error try_device3_ddc_ch2_ctrl()
    {
      ddc_ctrl = device3->get_block_ctrl<uhd::rfnoc::ddc_ch2_block_ctrl>(uhd::rfnoc::block_id_t("DDCch2_0"));
      return UHD_ERROR_NONE;
    }

    int main(int argc, char** argv)
    {
      try_device3_ddc_ch2_ctrl();
      return 0;
    }
Performing C SOURCE FILE Test HAVE_SSE failed with the following output:
Change Dir: /home/jetsonnx/SDR_ABS_nano/build/CMakeFiles/CMakeTmp

Run Build Command(s):/usr/bin/make cmTC_b6e8e/fast && /usr/bin/make -f CMakeFiles/cmTC_b6e8e.dir/build.make CMakeFiles/cmTC_b6e8e.dir/build
make[1]: Entering directory '/home/jetsonnx/SDR_ABS_nano/build/CMakeFiles/CMakeTmp'
Building C object CMakeFiles/cmTC_b6e8e.dir/src.c.o
/usr/bin/cc   -DHAVE_SSE -msse4.1   -o CMakeFiles/cmTC_b6e8e.dir/src.c.o   -c /home/jetsonnx/SDR_ABS_nano/build/CMakeFiles/CMakeTmp/src.c
cc: error: unrecognized command line option ‘-msse4.1’
make[1]: *** [CMakeFiles/cmTC_b6e8e.dir/build.make:66: CMakeFiles/cmTC_b6e8e.dir/src.c.o] Error 1
make[1]: Leaving directory '/home/jetsonnx/SDR_ABS_nano/build/CMakeFiles/CMakeTmp'
make: *** [Makefile:121: cmTC_b6e8e/fast] Error 2


Return value: 1
Source file was:

        #include <emmintrin.h>
        #include <smmintrin.h>

        int main()
        {
        __m128i a = _mm_setzero_si128();
        __m128i b = _mm_minpos_epu16(a);
        return 0;
        }
Performing C SOURCE FILE Test HAVE_AVX failed with the following output:
Change Dir: /home/jetsonnx/SDR_ABS_nano/build/CMakeFiles/CMakeTmp

Run Build Command(s):/usr/bin/make cmTC_46dce/fast && /usr/bin/make -f CMakeFiles/cmTC_46dce.dir/build.make CMakeFiles/cmTC_46dce.dir/build
make[1]: Entering directory '/home/jetsonnx/SDR_ABS_nano/build/CMakeFiles/CMakeTmp'
Building C object CMakeFiles/cmTC_46dce.dir/src.c.o
/usr/bin/cc   -DHAVE_AVX -mavx   -o CMakeFiles/cmTC_46dce.dir/src.c.o   -c /home/jetsonnx/SDR_ABS_nano/build/CMakeFiles/CMakeTmp/src.c
cc: error: unrecognized command line option ‘-mavx’
make[1]: *** [CMakeFiles/cmTC_46dce.dir/build.make:66: CMakeFiles/cmTC_46dce.dir/src.c.o] Error 1
make[1]: Leaving directory '/home/jetsonnx/SDR_ABS_nano/build/CMakeFiles/CMakeTmp'
make: *** [Makefile:121: cmTC_46dce/fast] Error 2


Return value: 1
Source file was:

            #include <immintrin.h>
            int main()
            {
              __m256 a, b, c;
              const float src[8] = { 1.0f, 2.0f, 3.0f, 4.0f, 5.0f, 6.0f, 7.0f, 8.0f };
              float dst[8];
              a = _mm256_loadu_ps( src );
              b = _mm256_loadu_ps( src );
              c = _mm256_add_ps( a, b );
              _mm256_storeu_ps( dst, c );
              int i = 0;
              for( i = 0; i < 8; i++ ){
                if( ( src[i] + src[i] ) != dst[i] ){
                  return -1;
                }
              }
              return 0;
            }
Performing C SOURCE FILE Test HAVE_AVX2 failed with the following output:
Change Dir: /home/jetsonnx/SDR_ABS_nano/build/CMakeFiles/CMakeTmp

Run Build Command(s):/usr/bin/make cmTC_9d57f/fast && /usr/bin/make -f CMakeFiles/cmTC_9d57f.dir/build.make CMakeFiles/cmTC_9d57f.dir/build
make[1]: Entering directory '/home/jetsonnx/SDR_ABS_nano/build/CMakeFiles/CMakeTmp'
Building C object CMakeFiles/cmTC_9d57f.dir/src.c.o
/usr/bin/cc   -DHAVE_AVX2 -mavx2   -o CMakeFiles/cmTC_9d57f.dir/src.c.o   -c /home/jetsonnx/SDR_ABS_nano/build/CMakeFiles/CMakeTmp/src.c
cc: error: unrecognized command line option ‘-mavx2’
make[1]: *** [CMakeFiles/cmTC_9d57f.dir/build.make:66: CMakeFiles/cmTC_9d57f.dir/src.c.o] Error 1
make[1]: Leaving directory '/home/jetsonnx/SDR_ABS_nano/build/CMakeFiles/CMakeTmp'
make: *** [Makefile:121: cmTC_9d57f/fast] Error 2


Return value: 1
Source file was:

          #include <immintrin.h>
          int main()
          {
            __m256i a, b, c;
            const int src[8] = { 1, 2, 3, 4, 5, 6, 7, 8 };
            int dst[8];
            a =  _mm256_loadu_si256( (__m256i*)src );
            b =  _mm256_loadu_si256( (__m256i*)src );
            c = _mm256_add_epi32( a, b );
            _mm256_storeu_si256( (__m256i*)dst, c );
            int i = 0;
            for( i = 0; i < 8; i++ ){
              if( ( src[i] + src[i] ) != dst[i] ){
                return -1;
              }
            }
            return 0;
          }
Performing C SOURCE FILE Test HAVE_FMA failed with the following output:
Change Dir: /home/jetsonnx/SDR_ABS_nano/build/CMakeFiles/CMakeTmp

Run Build Command(s):/usr/bin/make cmTC_54ca2/fast && /usr/bin/make -f CMakeFiles/cmTC_54ca2.dir/build.make CMakeFiles/cmTC_54ca2.dir/build
make[1]: Entering directory '/home/jetsonnx/SDR_ABS_nano/build/CMakeFiles/CMakeTmp'
Building C object CMakeFiles/cmTC_54ca2.dir/src.c.o
/usr/bin/cc   -DHAVE_FMA -mfma   -o CMakeFiles/cmTC_54ca2.dir/src.c.o   -c /home/jetsonnx/SDR_ABS_nano/build/CMakeFiles/CMakeTmp/src.c
cc: error: unrecognized command line option ‘-mfma’
make[1]: *** [CMakeFiles/cmTC_54ca2.dir/build.make:66: CMakeFiles/cmTC_54ca2.dir/src.c.o] Error 1
make[1]: Leaving directory '/home/jetsonnx/SDR_ABS_nano/build/CMakeFiles/CMakeTmp'
make: *** [Makefile:121: cmTC_54ca2/fast] Error 2


Return value: 1
Source file was:

            #include <immintrin.h>
            int main()
            {
              __m256 a, b, c, r;
              const float src[8] = { 1.0f, 2.0f, 3.0f, 4.0f, 5.0f, 6.0f, 7.0f, 8.0f };
              float dst[8];
              a = _mm256_loadu_ps( src );
              b = _mm256_loadu_ps( src );
              c = _mm256_loadu_ps( src );
              r = _mm256_fmadd_ps( a, b, c );
              _mm256_storeu_ps( dst, r );
              int i = 0;
              for( i = 0; i < 8; i++ ){
                if( ( src[i] * src[i] + src[i] ) != dst[i] ){
                  return -1;
                }
              }
              return 0;
            }
Performing C SOURCE FILE Test HAVE_AVX512 failed with the following output:
Change Dir: /home/jetsonnx/SDR_ABS_nano/build/CMakeFiles/CMakeTmp

Run Build Command(s):/usr/bin/make cmTC_2cbc0/fast && /usr/bin/make -f CMakeFiles/cmTC_2cbc0.dir/build.make CMakeFiles/cmTC_2cbc0.dir/build
make[1]: Entering directory '/home/jetsonnx/SDR_ABS_nano/build/CMakeFiles/CMakeTmp'
Building C object CMakeFiles/cmTC_2cbc0.dir/src.c.o
/usr/bin/cc   -DHAVE_AVX512 -mavx512f -mavx512cd -mavx512bw -mavx512dq -DLV_HAVE_AVX512   -o CMakeFiles/cmTC_2cbc0.dir/src.c.o   -c /home/jetsonnx/SDR_ABS_nano/build/CMakeFiles/CMakeTmp/src.c
cc: error: unrecognized command line option ‘-mavx512f’
cc: error: unrecognized command line option ‘-mavx512cd’
cc: error: unrecognized command line option ‘-mavx512bw’
cc: error: unrecognized command line option ‘-mavx512dq’
make[1]: *** [CMakeFiles/cmTC_2cbc0.dir/build.make:66: CMakeFiles/cmTC_2cbc0.dir/src.c.o] Error 1
make[1]: Leaving directory '/home/jetsonnx/SDR_ABS_nano/build/CMakeFiles/CMakeTmp'
make: *** [Makefile:121: cmTC_2cbc0/fast] Error 2


Return value: 1
Source file was:

          #include <immintrin.h>
          int main()
          {
            __m512i a, b, c;
            const int src[16] = { 0x0, 0x1, 0x2, 0x3, 0x4, 0x5, 0x6, 0x7, 0x8 , 0x9, 0xA, 0xB, 0xC, 0xD, 0xE, 0xF};
            int dst[16];
            a =  _mm512_loadu_si512( (__m512i*)src );
            b =  _mm512_loadu_si512( (__m512i*)src );
            c = _mm512_add_epi32( a, b );
            _mm512_storeu_si512( (__m512i*)dst, c );
            int i = 0;
            for( i = 0; i < 16; i++ ){
              if( ( src[i] + src[i] ) != dst[i] ){
                return -1;
              }
            }
            return 0;
          }
Performing C SOURCE FILE Test HAVE_MARCH_armv8-a failed with the following output:
Change Dir: /home/jetsonnx/SDR_ABS_nano/build/CMakeFiles/CMakeTmp

Run Build Command(s):/usr/bin/make cmTC_be411/fast && /usr/bin/make -f CMakeFiles/cmTC_be411.dir/build.make CMakeFiles/cmTC_be411.dir/build
make[1]: Entering directory '/home/jetsonnx/SDR_ABS_nano/build/CMakeFiles/CMakeTmp'
Building C object CMakeFiles/cmTC_be411.dir/src.c.o
/usr/bin/cc   -DHAVE_MARCH_armv8-a -mavx512f -mavx512cd -mavx512bw -mavx512dq -DLV_HAVE_AVX512   -march=armv8-a -o CMakeFiles/cmTC_be411.dir/src.c.o   -c /home/jetsonnx/SDR_ABS_nano/build/CMakeFiles/CMakeTmp/src.c
cc: error: unrecognized command line option '-mavx512f'
cc: error: unrecognized command line option '-mavx512cd'
cc: error: unrecognized command line option '-mavx512bw'
cc: error: unrecognized command line option '-mavx512dq'
make[1]: *** [CMakeFiles/cmTC_be411.dir/build.make:66: CMakeFiles/cmTC_be411.dir/src.c.o] Error 1
make[1]: Leaving directory '/home/jetsonnx/SDR_ABS_nano/build/CMakeFiles/CMakeTmp'
make: *** [Makefile:121: cmTC_be411/fast] Error 2


Source file was:
int main(void) { return 0; }
Performing C++ SOURCE FILE Test HAVE_VISIBILITY_HIDDEN_CXX failed with the following output:
Change Dir: /home/jetsonnx/SDR_ABS_nano/build/CMakeFiles/CMakeTmp

Run Build Command(s):/usr/bin/make cmTC_97b56/fast && /usr/bin/make -f CMakeFiles/cmTC_97b56.dir/build.make CMakeFiles/cmTC_97b56.dir/build
make[1]: Entering directory '/home/jetsonnx/SDR_ABS_nano/build/CMakeFiles/CMakeTmp'
Building CXX object CMakeFiles/cmTC_97b56.dir/src.cxx.o
/usr/bin/c++    -Wall -Wno-comment -Wno-reorder -Wno-unused-variable -Wtype-limits -std=c++14 -fno-strict-aliasing -Wno-unused-but-set-variable -DHAVE_VISIBILITY_HIDDEN_CXX -mavx512f -mavx512cd -mavx512bw -mavx512dq -DLV_HAVE_AVX512   -fvisibility=hidden -o CMakeFiles/cmTC_97b56.dir/src.cxx.o -c /home/jetsonnx/SDR_ABS_nano/build/CMakeFiles/CMakeTmp/src.cxx
c++: error: unrecognized command line option '-mavx512f'
c++: error: unrecognized command line option '-mavx512cd'
c++: error: unrecognized command line option '-mavx512bw'
c++: error: unrecognized command line option '-mavx512dq'
make[1]: *** [CMakeFiles/cmTC_97b56.dir/build.make:66: CMakeFiles/cmTC_97b56.dir/src.cxx.o] Error 1
make[1]: Leaving directory '/home/jetsonnx/SDR_ABS_nano/build/CMakeFiles/CMakeTmp'
make: *** [Makefile:121: cmTC_97b56/fast] Error 2


Source file was:
int main() { return 0; }
Performing C SOURCE FILE Test HAVE_ERROR_INCOMPATIBLE failed with the following output:
Change Dir: /home/jetsonnx/SDR_ABS_nano/build/CMakeFiles/CMakeTmp

Run Build Command(s):/usr/bin/make cmTC_6a424/fast && /usr/bin/make -f CMakeFiles/cmTC_6a424.dir/build.make CMakeFiles/cmTC_6a424.dir/build
make[1]: Entering directory '/home/jetsonnx/SDR_ABS_nano/build/CMakeFiles/CMakeTmp'
Building C object CMakeFiles/cmTC_6a424.dir/src.c.o
/usr/bin/cc   -DHAVE_ERROR_INCOMPATIBLE -mavx512f -mavx512cd -mavx512bw -mavx512dq -DLV_HAVE_AVX512   -Werror=incompatible-pointer-types -o CMakeFiles/cmTC_6a424.dir/src.c.o   -c /home/jetsonnx/SDR_ABS_nano/build/CMakeFiles/CMakeTmp/src.c
cc: error: unrecognized command line option '-mavx512f'
cc: error: unrecognized command line option '-mavx512cd'
cc: error: unrecognized command line option '-mavx512bw'
cc: error: unrecognized command line option '-mavx512dq'
make[1]: *** [CMakeFiles/cmTC_6a424.dir/build.make:66: CMakeFiles/cmTC_6a424.dir/src.c.o] Error 1
make[1]: Leaving directory '/home/jetsonnx/SDR_ABS_nano/build/CMakeFiles/CMakeTmp'
make: *** [Makefile:121: cmTC_6a424/fast] Error 2


Source file was:
int main(void) { return 0; }
